// Jest Snapshot v1, https://goo.gl/fbAQLP

exports[`App component <App /> renders correctly 1`] = `null`;
