// Jest Snapshot v1, https://goo.gl/fbAQLP

exports[`SigninScreen Error Alerts renders correctly 1`] = `
<RCTScrollView>
  <View>
    <View
      accessibilityIgnoresInvertColors={true}
      style={
        {
          "alignItems": "center",
          "backgroundColor": "rgb(17, 96, 164)",
          "height": 521.09375,
          "justifyContent": "center",
        }
      }
    >
      <Image
        source={1}
        style={
          [
            {
              "bottom": 0,
              "left": 0,
              "position": "absolute",
              "right": 0,
              "top": 0,
            },
            {
              "height": 521.09375,
              "width": undefined,
            },
            {
              "opacity": 0.2,
            },
          ]
        }
      />
      <Image
        source={1}
        style={
          {
            "height": 125.0625,
            "resizeMode": "contain",
            "width": "100%",
          }
        }
      />
    </View>
    <View
      style={
        {
          "backgroundColor": "rgb(253, 252, 255)",
          "borderTopLeftRadius": 25,
          "borderTopRightRadius": 25,
          "paddingHorizontal": 20,
          "paddingTop": 25,
          "transform": [
            {
              "translateY": -25,
            },
          ],
        }
      }
    >
      <Text
        style={
          [
            {
              "fontFamily": "ChakraPetch_BoldItalic",
              "fontSize": 28,
              "fontWeight": "400",
              "letterSpacing": 0,
              "lineHeight": 36,
            },
            {
              "textAlign": "left",
            },
            {
              "color": "rgba(28, 27, 31, 1)",
              "writingDirection": "ltr",
            },
            [
              {
                "borderLeftColor": "rgb(17, 96, 164)",
                "borderLeftWidth": 10.416666666666668,
                "color": "rgb(17, 96, 164)",
                "fontFamily": "ChakraPetch_BoldItalic",
                "fontSize": 28,
                "paddingLeft": 10,
              },
              {
                "marginBottom": 20.84375,
              },
            ],
          ]
        }
      >
        Sign In
      </Text>
      <Text
        style={
          [
            {
              "fontFamily": "Poppins_Bold",
              "fontSize": 16,
              "fontWeight": "500",
              "letterSpacing": 0.15,
              "lineHeight": 24,
            },
            {
              "textAlign": "left",
            },
            {
              "color": "rgba(28, 27, 31, 1)",
              "writingDirection": "ltr",
            },
            [
              {
                "color": "rgb(17, 96, 164)",
                "fontFamily": "Poppins_Bold",
                "fontSize": 16,
              },
              {
                "marginBottom": 20.84375,
              },
            ],
          ]
        }
      >
        Welcome back. Login to continue
      </Text>
      <View>
        <View>
          <View
            style={{}}
          >
            <View
              pointerEvents="none"
              style={
                [
                  {
                    "bottom": 0,
                    "left": 0,
                    "position": "absolute",
                    "right": 0,
                    "top": 6,
                  },
                  {
                    "backgroundColor": "rgba(255, 251, 254, 1)",
                    "borderColor": "rgba(121, 116, 126, 1)",
                    "borderRadius": 4,
                    "borderWidth": 1,
                  },
                  undefined,
                ]
              }
              testID="text-input-outline"
            />
            <View>
              <View
                style={
                  [
                    {
                      "paddingBottom": 0,
                    },
                    {
                      "minHeight": 56,
                      "paddingTop": 8,
                    },
                  ]
                }
              >
                <View
                  collapsable={false}
                  pointerEvents="none"
                  style={
                    {
                      "bottom": 0,
                      "left": 0,
                      "opacity": 1,
                      "position": "absolute",
                      "right": 0,
                      "top": 0,
                      "transform": [
                        {
                          "translateX": 0,
                        },
                      ],
                      "zIndex": 3,
                    }
                  }
                >
                  <Text
                    collapsable={false}
                    maxFontSizeMultiplier={1.5}
                    numberOfLines={1}
                    style={
                      {
                        "backgroundColor": "rgba(255, 251, 254, 1)",
                        "color": "transparent",
                        "fontFamily": "Poppins_Regular",
                        "fontSize": 16,
                        "fontWeight": undefined,
                        "left": 8,
                        "letterSpacing": 0.15,
                        "lineHeight": undefined,
                        "opacity": -0.6666666666666667,
                        "paddingHorizontal": 0,
                        "position": "absolute",
                        "textAlign": "left",
                        "top": 33,
                        "transform": [
                          {
                            "translateX": 0,
                          },
                          {
                            "translateY": 0,
                          },
                          {
                            "scale": 1,
                          },
                          {
                            "scaleY": 1,
                          },
                        ],
                        "width": -16,
                        "writingDirection": "ltr",
                      }
                    }
                  >
                    Email
                  </Text>
                  <Text
                    collapsable={false}
                    maxFontSizeMultiplier={1.5}
                    numberOfLines={1}
                    onLayout={[Function]}
                    style={
                      {
                        "color": "rgba(103, 80, 164, 1)",
                        "fontFamily": "Poppins_Regular",
                        "fontSize": 16,
                        "fontWeight": undefined,
                        "left": 0,
                        "letterSpacing": 0.15,
                        "lineHeight": undefined,
                        "opacity": 0,
                        "paddingHorizontal": 16,
                        "position": "absolute",
                        "textAlign": "left",
                        "top": 32,
                        "transform": [
                          {
                            "translateX": 0,
                          },
                          {
                            "translateY": 0,
                          },
                          {
                            "scale": 1,
                          },
                        ],
                        "writingDirection": "ltr",
                      }
                    }
                    testID="text-input-outlined-label-active"
                  >
                    Email
                  </Text>
                  <Text
                    collapsable={false}
                    maxFontSizeMultiplier={1.5}
                    numberOfLines={1}
                    style={
                      {
                        "color": "rgba(73, 69, 79, 1)",
                        "fontFamily": "Poppins_Regular",
                        "fontSize": 16,
                        "fontWeight": undefined,
                        "left": 0,
                        "letterSpacing": 0.15,
                        "lineHeight": undefined,
                        "opacity": 0,
                        "paddingHorizontal": 16,
                        "position": "absolute",
                        "textAlign": "left",
                        "top": 32,
                        "transform": [
                          {
                            "translateX": 0,
                          },
                          {
                            "translateY": 0,
                          },
                          {
                            "scale": 1,
                          },
                        ],
                        "writingDirection": "ltr",
                      }
                    }
                    testID="text-input-outlined-label-inactive"
                  >
                    Email
                  </Text>
                </View>
                <TextInput
                  editable={true}
                  maxFontSizeMultiplier={1.5}
                  multiline={false}
                  onBlur={[Function]}
                  onChangeText={[Function]}
                  onFocus={[Function]}
                  placeholder=" "
                  placeholderTextColor="rgba(73, 69, 79, 1)"
                  selectionColor="rgba(103, 80, 164, 1)"
                  style={
                    [
                      {
                        "margin": 0,
                        "zIndex": 1,
                      },
                      {
                        "height": 48,
                      },
                      {
                        "paddingBottom": 0,
                        "paddingTop": 0,
                      },
                      {
                        "color": "rgba(28, 27, 31, 1)",
                        "fontFamily": "Poppins_Regular",
                        "fontSize": 16,
                        "fontWeight": undefined,
                        "letterSpacing": 0.15,
                        "lineHeight": undefined,
                        "paddingHorizontal": 16,
                        "textAlign": "left",
                        "textAlignVertical": "center",
                      },
                      false,
                      [
                        {},
                      ],
                      undefined,
                    ]
                  }
                  testID="text-input-outlined"
                  underlineColorAndroid="transparent"
                  value=""
                />
              </View>
            </View>
          </View>
        </View>
        <Text
          collapsable={false}
          maxFontSizeMultiplier={1.5}
          onLayout={[Function]}
          style={
            {
              "color": "rgba(179, 38, 30, 1)",
              "fontFamily": "Poppins_Regular",
              "fontSize": 12,
              "fontWeight": "400",
              "letterSpacing": 0.25,
              "lineHeight": 20,
              "opacity": 0,
              "paddingHorizontal": 12,
              "paddingVertical": 4,
              "textAlign": "left",
              "transform": [],
              "writingDirection": "ltr",
            }
          }
        >
          Email is invalid!
        </Text>
      </View>
      <View>
        <View
          style={{}}
        >
          <View
            pointerEvents="none"
            style={
              [
                {
                  "bottom": 0,
                  "left": 0,
                  "position": "absolute",
                  "right": 0,
                  "top": 6,
                },
                {
                  "backgroundColor": "rgba(255, 251, 254, 1)",
                  "borderColor": "rgba(121, 116, 126, 1)",
                  "borderRadius": 4,
                  "borderWidth": 1,
                },
                undefined,
              ]
            }
            testID="text-input-outline"
          />
          <View>
            <View
              style={
                [
                  {
                    "paddingBottom": 0,
                  },
                  {
                    "minHeight": 56,
                    "paddingTop": 8,
                  },
                ]
              }
            >
              <View
                collapsable={false}
                pointerEvents="none"
                style={
                  {
                    "bottom": 0,
                    "left": 0,
                    "opacity": 1,
                    "position": "absolute",
                    "right": 0,
                    "top": 0,
                    "transform": [
                      {
                        "translateX": 0,
                      },
                    ],
                    "zIndex": 3,
                  }
                }
              >
                <Text
                  collapsable={false}
                  maxFontSizeMultiplier={1.5}
                  numberOfLines={1}
                  style={
                    {
                      "backgroundColor": "rgba(255, 251, 254, 1)",
                      "color": "transparent",
                      "fontFamily": "Poppins_Regular",
                      "fontSize": 16,
                      "fontWeight": undefined,
                      "left": 8,
                      "letterSpacing": 0.15,
                      "lineHeight": undefined,
                      "opacity": -0.6666666666666667,
                      "paddingHorizontal": 0,
                      "position": "absolute",
                      "textAlign": "left",
                      "top": 33,
                      "transform": [
                        {
                          "translateX": 0,
                        },
                        {
                          "translateY": 0,
                        },
                        {
                          "scale": 1,
                        },
                        {
                          "scaleY": 1,
                        },
                      ],
                      "width": -16,
                      "writingDirection": "ltr",
                    }
                  }
                >
                  Password
                </Text>
                <Text
                  collapsable={false}
                  maxFontSizeMultiplier={1.5}
                  numberOfLines={1}
                  onLayout={[Function]}
                  style={
                    {
                      "color": "rgba(103, 80, 164, 1)",
                      "fontFamily": "Poppins_Regular",
                      "fontSize": 16,
                      "fontWeight": undefined,
                      "left": 0,
                      "letterSpacing": 0.15,
                      "lineHeight": undefined,
                      "opacity": 0,
                      "paddingHorizontal": 16,
                      "position": "absolute",
                      "textAlign": "left",
                      "top": 32,
                      "transform": [
                        {
                          "translateX": 0,
                        },
                        {
                          "translateY": 0,
                        },
                        {
                          "scale": 1,
                        },
                      ],
                      "writingDirection": "ltr",
                    }
                  }
                  testID="text-input-outlined-label-active"
                >
                  Password
                </Text>
                <Text
                  collapsable={false}
                  maxFontSizeMultiplier={1.5}
                  numberOfLines={1}
                  style={
                    {
                      "color": "rgba(73, 69, 79, 1)",
                      "fontFamily": "Poppins_Regular",
                      "fontSize": 16,
                      "fontWeight": undefined,
                      "left": 0,
                      "letterSpacing": 0.15,
                      "lineHeight": undefined,
                      "opacity": 0,
                      "paddingHorizontal": 16,
                      "position": "absolute",
                      "textAlign": "left",
                      "top": 32,
                      "transform": [
                        {
                          "translateX": 0,
                        },
                        {
                          "translateY": 0,
                        },
                        {
                          "scale": 1,
                        },
                      ],
                      "writingDirection": "ltr",
                    }
                  }
                  testID="text-input-outlined-label-inactive"
                >
                  Password
                </Text>
              </View>
              <TextInput
                editable={true}
                maxFontSizeMultiplier={1.5}
                multiline={false}
                onBlur={[Function]}
                onChangeText={[Function]}
                onFocus={[Function]}
                placeholder=" "
                placeholderTextColor="rgba(73, 69, 79, 1)"
                secureTextEntry={true}
                selectionColor="rgba(103, 80, 164, 1)"
                style={
                  [
                    {
                      "margin": 0,
                      "zIndex": 1,
                    },
                    {
                      "height": 48,
                    },
                    {
                      "paddingBottom": 0,
                      "paddingTop": 0,
                    },
                    {
                      "color": "rgba(28, 27, 31, 1)",
                      "fontFamily": "Poppins_Regular",
                      "fontSize": 16,
                      "fontWeight": undefined,
                      "letterSpacing": 0.15,
                      "lineHeight": undefined,
                      "paddingHorizontal": 16,
                      "textAlign": "left",
                      "textAlignVertical": "center",
                    },
                    false,
                    [
                      {},
                    ],
                    undefined,
                  ]
                }
                testID="text-input-outlined"
                underlineColorAndroid="transparent"
                value=""
              />
            </View>
          </View>
        </View>
        <Text
          allowFontScaling={false}
          onPress={[Function]}
          selectable={false}
          style={
            [
              {
                "color": "black",
                "fontSize": 25,
              },
              {
                "position": "absolute",
                "right": 10,
                "top": 16,
                "transform": [
                  {
                    "translateY": 0,
                  },
                ],
              },
              {
                "fontFamily": "FontAwesome5Free-Solid",
                "fontStyle": "normal",
                "fontWeight": "normal",
              },
              {
                "fontWeight": "700",
              },
            ]
          }
        >
          
        </Text>
      </View>
      <View>
        <View
          collapsable={false}
          style={
            {
              "backgroundColor": "transparent",
              "borderRadius": 20,
              "shadowColor": "#000",
              "shadowOffset": {
                "height": 0,
                "width": 0,
              },
              "shadowOpacity": 0,
              "shadowRadius": 0,
            }
          }
          testID="button-container-outer-layer"
        >
          <View
            collapsable={false}
            style={
              {
                "backgroundColor": "transparent",
                "borderColor": "transparent",
                "borderRadius": 20,
                "borderStyle": "solid",
                "borderWidth": 0,
                "flex": undefined,
                "minWidth": 64,
                "shadowColor": "#000",
                "shadowOffset": {
                  "height": 0,
                  "width": 0,
                },
                "shadowOpacity": 0,
                "shadowRadius": 0,
              }
            }
            testID="button-container"
          >
            <View
              accessibilityRole="button"
              accessibilityState={
                {
                  "busy": undefined,
                  "checked": undefined,
                  "disabled": false,
                  "expanded": undefined,
                  "selected": undefined,
                }
              }
              accessibilityValue={
                {
                  "max": undefined,
                  "min": undefined,
                  "now": undefined,
                  "text": undefined,
                }
              }
              accessible={true}
              collapsable={false}
              focusable={true}
              onBlur={[Function]}
              onClick={[Function]}
              onFocus={[Function]}
              onResponderGrant={[Function]}
              onResponderMove={[Function]}
              onResponderRelease={[Function]}
              onResponderTerminate={[Function]}
              onResponderTerminationRequest={[Function]}
              onStartShouldSetResponder={[Function]}
              style={
                [
                  {
                    "overflow": "hidden",
                  },
                  {
                    "borderRadius": 20,
                  },
                ]
              }
              testID="button"
            >
              <View
                style={
                  [
                    {
                      "alignItems": "center",
                      "flexDirection": "row",
                      "justifyContent": "center",
                    },
                    undefined,
                  ]
                }
              >
                <Text
                  numberOfLines={1}
                  selectable={false}
                  style={
                    [
                      {
                        "fontFamily": "Poppins_Regular",
                        "fontSize": 14,
                        "fontWeight": "500",
                        "letterSpacing": 0.1,
                        "lineHeight": 20,
                      },
                      {
                        "textAlign": "left",
                      },
                      {
                        "color": "rgba(28, 27, 31, 1)",
                        "writingDirection": "ltr",
                      },
                      [
                        {
                          "marginHorizontal": 16,
                          "marginVertical": 9,
                          "textAlign": "center",
                        },
                        false,
                        {
                          "marginHorizontal": 12,
                        },
                        undefined,
                        false,
                        {
                          "color": "rgba(103, 80, 164, 1)",
                          "fontFamily": "Poppins_Regular",
                          "fontSize": 14,
                          "fontWeight": "500",
                          "letterSpacing": 0.1,
                          "lineHeight": 20,
                        },
                        undefined,
                      ],
                    ]
                  }
                  testID="button-text"
                >
                  Forgot your Username/Password ?
                </Text>
              </View>
            </View>
          </View>
        </View>
      </View>
    </View>
    <View
      style={
        {
          "flexDirection": "row",
          "marginVertical": 10,
        }
      }
    >
      <View
        collapsable={false}
        style={
          {
            "backgroundColor": "rgba(28, 27, 31, 0.12)",
            "borderRadius": 20,
            "flex": 2,
            "marginHorizontal": 20.833333333333336,
            "shadowColor": "#000",
            "shadowOffset": {
              "height": 0,
              "width": 0,
            },
            "shadowOpacity": 0,
            "shadowRadius": 0,
          }
        }
        testID="button-container-outer-layer"
      >
        <View
          ID="signInButton"
          collapsable={false}
          style={
            {
              "backgroundColor": "rgba(28, 27, 31, 0.12)",
              "borderColor": "transparent",
              "borderRadius": 20,
              "borderStyle": "solid",
              "borderWidth": 0,
              "flex": undefined,
              "minWidth": 64,
              "shadowColor": "#000",
              "shadowOffset": {
                "height": 0,
                "width": 0,
              },
              "shadowOpacity": 0,
              "shadowRadius": 0,
            }
          }
          testID="button-container"
        >
          <View
            accessibilityRole="button"
            accessibilityState={
              {
                "busy": undefined,
                "checked": undefined,
                "disabled": true,
                "expanded": undefined,
                "selected": undefined,
              }
            }
            accessibilityValue={
              {
                "max": undefined,
                "min": undefined,
                "now": undefined,
                "text": undefined,
              }
            }
            accessible={true}
            collapsable={false}
            focusable={true}
            onBlur={[Function]}
            onClick={[Function]}
            onFocus={[Function]}
            onResponderGrant={[Function]}
            onResponderMove={[Function]}
            onResponderRelease={[Function]}
            onResponderTerminate={[Function]}
            onResponderTerminationRequest={[Function]}
            onStartShouldSetResponder={[Function]}
            style={
              [
                {
                  "overflow": "hidden",
                },
                {
                  "borderRadius": 20,
                },
              ]
            }
            testID="button"
          >
            <View
              style={
                [
                  {
                    "alignItems": "center",
                    "flexDirection": "row",
                    "justifyContent": "center",
                  },
                  undefined,
                ]
              }
            >
              <Text
                numberOfLines={1}
                selectable={false}
                style={
                  [
                    {
                      "fontFamily": "Poppins_Regular",
                      "fontSize": 14,
                      "fontWeight": "500",
                      "letterSpacing": 0.1,
                      "lineHeight": 20,
                    },
                    {
                      "textAlign": "left",
                    },
                    {
                      "color": "rgba(28, 27, 31, 1)",
                      "writingDirection": "ltr",
                    },
                    [
                      {
                        "marginHorizontal": 16,
                        "marginVertical": 9,
                        "textAlign": "center",
                      },
                      false,
                      {
                        "marginHorizontal": 24,
                        "marginVertical": 10,
                      },
                      undefined,
                      false,
                      {
                        "color": "rgba(28, 27, 31, 0.38)",
                        "fontFamily": "Poppins_Regular",
                        "fontSize": 14,
                        "fontWeight": "500",
                        "letterSpacing": 0.1,
                        "lineHeight": 20,
                      },
                      undefined,
                    ],
                  ]
                }
                testID="button-text"
              >
                Sign In
              </Text>
            </View>
          </View>
        </View>
      </View>
    </View>
    <View
      collapsable={false}
      style={
        {
          "backgroundColor": "transparent",
          "borderRadius": 20,
          "shadowColor": "#000",
          "shadowOffset": {
            "height": 0,
            "width": 0,
          },
          "shadowOpacity": 0,
          "shadowRadius": 0,
        }
      }
      testID="button-container-outer-layer"
    >
      <View
        collapsable={false}
        style={
          {
            "backgroundColor": "transparent",
            "borderColor": "transparent",
            "borderRadius": 20,
            "borderStyle": "solid",
            "borderWidth": 0,
            "flex": undefined,
            "minWidth": 64,
            "shadowColor": "#000",
            "shadowOffset": {
              "height": 0,
              "width": 0,
            },
            "shadowOpacity": 0,
            "shadowRadius": 0,
          }
        }
        testID="button-container"
      >
        <View
          accessibilityRole="button"
          accessibilityState={
            {
              "busy": undefined,
              "checked": undefined,
              "disabled": false,
              "expanded": undefined,
              "selected": undefined,
            }
          }
          accessibilityValue={
            {
              "max": undefined,
              "min": undefined,
              "now": undefined,
              "text": undefined,
            }
          }
          accessible={true}
          collapsable={false}
          focusable={true}
          onBlur={[Function]}
          onClick={[Function]}
          onFocus={[Function]}
          onResponderGrant={[Function]}
          onResponderMove={[Function]}
          onResponderRelease={[Function]}
          onResponderTerminate={[Function]}
          onResponderTerminationRequest={[Function]}
          onStartShouldSetResponder={[Function]}
          style={
            [
              {
                "overflow": "hidden",
              },
              {
                "borderRadius": 20,
              },
            ]
          }
          testID="button"
        >
          <View
            style={
              [
                {
                  "alignItems": "center",
                  "flexDirection": "row",
                  "justifyContent": "center",
                },
                undefined,
              ]
            }
          >
            <Text
              numberOfLines={1}
              selectable={false}
              style={
                [
                  {
                    "fontFamily": "Poppins_Regular",
                    "fontSize": 14,
                    "fontWeight": "500",
                    "letterSpacing": 0.1,
                    "lineHeight": 20,
                  },
                  {
                    "textAlign": "left",
                  },
                  {
                    "color": "rgba(28, 27, 31, 1)",
                    "writingDirection": "ltr",
                  },
                  [
                    {
                      "marginHorizontal": 16,
                      "marginVertical": 9,
                      "textAlign": "center",
                    },
                    false,
                    {
                      "marginHorizontal": 12,
                    },
                    undefined,
                    false,
                    {
                      "color": "rgba(103, 80, 164, 1)",
                      "fontFamily": "Poppins_Regular",
                      "fontSize": 14,
                      "fontWeight": "500",
                      "letterSpacing": 0.1,
                      "lineHeight": 20,
                    },
                    undefined,
                  ],
                ]
              }
              testID="button-text"
            >
              Don't have an account? Sign Up
            </Text>
          </View>
        </View>
      </View>
    </View>
  </View>
</RCTScrollView>
`;
