// Jest Snapshot v1, https://goo.gl/fbAQLP

exports[`AppHeader renders correctly with minimal props 1`] = `
<RNCSafeAreaProvider
  onInsetsChange={[Function]}
  style={
    [
      {
        "flex": 1,
      },
      undefined,
    ]
  }
>
  <View
    collapsable={false}
    pointerEvents="box-none"
    style={
      {
        "flex": 1,
      }
    }
  >
    <Appbar.Header
      elevated={true}
    >
      <Appbar.Content
        testID="Test Title"
        title="Test Title"
        titleStyle={
          {
            "fontFamily": "ChakraPetch_BoldItalic",
          }
        }
      />
      <View
        collapsable={false}
      >
        <Appbar.Action
          icon="dots-horizontal"
          onPress={[Function]}
          testID="menu-action"
        />
      </View>
    </Appbar.Header>
  </View>
  <View
    collapsable={false}
    pointerEvents="box-none"
    style={
      {
        "bottom": 0,
        "left": 0,
        "position": "absolute",
        "right": 0,
        "top": 0,
      }
    }
  />
</RNCSafeAreaProvider>
`;
